
[1m[46m RUN [49m[22m [36mv4.0.17 [39m[90mC:/gitrepo/perso/le-plan[39m

 [31m❯[39m src/components/projects/project-card.test.tsx [2m([22m[2m0 test[22m[2m)[22m
 [31m❯[39m src/components/projects/project-mission-list.test.tsx [2m([22m[2m0 test[22m[2m)[22m
 [32m✓[39m src/lib/utils.test.ts [2m([22m[2m14 tests[22m[2m)[22m[32m 65[2mms[22m[39m
 [31m❯[39m src/components/projects/project-empty-state.test.tsx [2m([22m[2m3 tests[22m[2m | [22m[31m1 failed[39m[2m)[22m[32m 144[2mms[22m[39m
     [32m✓[39m renders empty state message and button[32m 100[2mms[22m[39m
[31m     [31m×[31m passes projectId to AddMissionDialog[39m[32m 26[2mms[22m[39m
     [32m✓[39m renders skeleton cards in the background[32m 15[2mms[22m[39m
 [32m✓[39m src/components/projects/project-header.test.tsx [2m([22m[2m2 tests[22m[2m)[22m[33m 326[2mms[22m[39m
 [32m✓[39m src/components/projects/project-grid.test.tsx [2m([22m[2m2 tests[22m[2m)[22m[33m 304[2mms[22m[39m
stderr | src/components/ui/inline-editable-field/inline-editable-field.test.tsx > calls onSave and switches back to display mode on blur
An update to InlineEditableField inside a test was not wrapped in act(...).

When testing, code that causes React state updates should be wrapped into act(...):

act(() => {
  /* fire events that update state */
});
/* assert on the output */

This ensures that you're testing the behavior the user would see in the browser. Learn more at https://react.dev/link/wrap-tests-with-act
An update to InlineEditableField inside a test was not wrapped in act(...).

When testing, code that causes React state updates should be wrapped into act(...):

act(() => {
  /* fire events that update state */
});
/* assert on the output */

This ensures that you're testing the behavior the user would see in the browser. Learn more at https://react.dev/link/wrap-tests-with-act
An update to InlineEditableField inside a test was not wrapped in act(...).

When testing, code that causes React state updates should be wrapped into act(...):

act(() => {
  /* fire events that update state */
});
/* assert on the output */

This ensures that you're testing the behavior the user would see in the browser. Learn more at https://react.dev/link/wrap-tests-with-act

 [32m✓[39m src/components/projects/project-form.test.tsx [2m([22m[2m3 tests[22m[2m)[22m[33m 461[2mms[22m[39m
 [32m✓[39m src/components/ui/inline-editable-field/inline-editable-field.test.tsx [2m([22m[2m6 tests[22m[2m)[22m[33m 465[2mms[22m[39m
   [33m[2m✓[22m[39m calls onSave when priority is changed [33m 382[2mms[22m[39m
 [32m✓[39m src/lib/load-utils.test.ts [2m([22m[2m5 tests[22m[2m)[22m[32m 4[2mms[22m[39m

⎯⎯⎯⎯⎯⎯ Failed Suites 2 ⎯⎯⎯⎯⎯⎯⎯

 FAIL  src/components/projects/project-card.test.tsx [ src/components/projects/project-card.test.tsx ]
Error: Failed to resolve import "@prisma/client" from "src/components/projects/project-card.test.tsx". Does the file exist?
  Plugin: vite:import-analysis
  File: C:/gitrepo/perso/le-plan/src/components/projects/project-card.test.tsx:4:44
  3  |  import { ProjectCard } from "./project-card";
  4  |  import { expect, test, vi } from "vitest";
  5  |  import { MissionState } from "@prisma/client";
     |                                ^
  6  |  const mockProject = {
  7  |    id: "1",
 ❯ TransformPluginContext._formatLog node_modules/vite/dist/node/chunks/config.js:28999:43
 ❯ TransformPluginContext.error node_modules/vite/dist/node/chunks/config.js:28996:14
 ❯ normalizeUrl node_modules/vite/dist/node/chunks/config.js:27119:18
 ❯ node_modules/vite/dist/node/chunks/config.js:27177:32
 ❯ TransformPluginContext.transform node_modules/vite/dist/node/chunks/config.js:27145:4
 ❯ EnvironmentPluginContainer.transform node_modules/vite/dist/node/chunks/config.js:28797:14
 ❯ loadAndTransform node_modules/vite/dist/node/chunks/config.js:22670:26

⎯⎯⎯⎯⎯⎯⎯⎯⎯⎯⎯⎯⎯⎯⎯⎯⎯⎯⎯⎯⎯⎯⎯⎯[1/3]⎯

 FAIL  src/components/projects/project-mission-list.test.tsx [ src/components/projects/project-mission-list.test.tsx ]
Error: Failed to resolve import "@prisma/client" from "src/components/projects/project-mission-list.test.tsx". Does the file exist?
  Plugin: vite:import-analysis
  File: C:/gitrepo/perso/le-plan/src/components/projects/project-mission-list.test.tsx:4:0
  21 |  const __vi_import_1__ = await import("@testing-library/react");
  22 |  const __vi_import_2__ = await import("./project-mission-list");
  23 |  const __vi_import_3__ = await import("@prisma/client");
     |                                       ^
  24 |  
  25 |  
 ❯ TransformPluginContext._formatLog node_modules/vite/dist/node/chunks/config.js:28999:43
 ❯ TransformPluginContext.error node_modules/vite/dist/node/chunks/config.js:28996:14
 ❯ normalizeUrl node_modules/vite/dist/node/chunks/config.js:27119:18
 ❯ node_modules/vite/dist/node/chunks/config.js:27177:32
 ❯ TransformPluginContext.transform node_modules/vite/dist/node/chunks/config.js:27145:4
 ❯ EnvironmentPluginContainer.transform node_modules/vite/dist/node/chunks/config.js:28797:14
 ❯ loadAndTransform node_modules/vite/dist/node/chunks/config.js:22670:26

⎯⎯⎯⎯⎯⎯⎯⎯⎯⎯⎯⎯⎯⎯⎯⎯⎯⎯⎯⎯⎯⎯⎯⎯[2/3]⎯


⎯⎯⎯⎯⎯⎯⎯ Failed Tests 1 ⎯⎯⎯⎯⎯⎯⎯

 FAIL  src/components/projects/project-empty-state.test.tsx > ProjectEmptyState > passes projectId to AddMissionDialog
AssertionError: expected null to be 'test-project-id' // Object.is equality

- Expected: 
"test-project-id"

+ Received: 
null

 ❯ src/components/projects/project-empty-state.test.tsx:25:50

[2m Test Files [22m [1m[31m3 failed[39m[22m[2m | [22m[1m[32m6 passed[39m[22m[90m (9)[39m
[2m      Tests [22m [1m[31m1 failed[39m[22m[2m | [22m[1m[32m34 passed[39m[22m[90m (35)[39m
[2m   Start at [22m 00:44:06
[2m   Duration [22m 5.50s[2m (transform 861ms, setup 0ms, import 6.53s, tests 1.77s, environment 24.17s)[22m

     23|     render(<ProjectEmptyState projectId={projectId} />)
     24|     const mock = screen.getByTestId('add-mission-dialog-mock')
     25|     expect(mock.getAttribute('data-project-id')).toBe(projectId)
       |                                                  ^
     26|   })
     27| 

⎯⎯⎯⎯⎯⎯⎯⎯⎯⎯⎯⎯⎯⎯⎯⎯⎯⎯⎯⎯⎯⎯⎯⎯[3/3]⎯

